src/features/auth/routes.ts(28,29): error TS2769: No overload matches this call.
  Overload 1 of 5, '(payload: string | object | Buffer<ArrayBufferLike>, secretOrPrivateKey: null, options?: (SignOptions & { algorithm: "none"; }) | undefined): string', gave the following error.
    Argument of type 'string' is not assignable to parameter of type 'null'.
  Overload 2 of 5, '(payload: string | object | Buffer<ArrayBufferLike>, secretOrPrivateKey: Secret | Buffer<ArrayBufferLike> | JsonWebKeyInput | PrivateKeyInput, options?: SignOptions | undefined): string', gave the following error.
    Type 'string' is not assignable to type 'number | StringValue | undefined'.
  Overload 3 of 5, '(payload: string | object | Buffer<ArrayBufferLike>, secretOrPrivateKey: Secret | Buffer<ArrayBufferLike> | JsonWebKeyInput | PrivateKeyInput, callback: SignCallback): void', gave the following error.
    Object literal may only specify known properties, and 'expiresIn' does not exist in type 'SignCallback'.
src/features/auth/routes.ts(34,30): error TS2769: No overload matches this call.
  Overload 1 of 5, '(payload: string | object | Buffer<ArrayBufferLike>, secretOrPrivateKey: null, options?: (SignOptions & { algorithm: "none"; }) | undefined): string', gave the following error.
    Argument of type 'string' is not assignable to parameter of type 'null'.
  Overload 2 of 5, '(payload: string | object | Buffer<ArrayBufferLike>, secretOrPrivateKey: Secret | Buffer<ArrayBufferLike> | JsonWebKeyInput | PrivateKeyInput, options?: SignOptions | undefined): string', gave the following error.
    Type 'string' is not assignable to type 'number | StringValue | undefined'.
  Overload 3 of 5, '(payload: string | object | Buffer<ArrayBufferLike>, secretOrPrivateKey: Secret | Buffer<ArrayBufferLike> | JsonWebKeyInput | PrivateKeyInput, callback: SignCallback): void', gave the following error.
    Object literal may only specify known properties, and 'expiresIn' does not exist in type 'SignCallback'.
src/features/conference/routes.ts(41,39): error TS7006: Parameter 'r' implicitly has an 'any' type.
src/features/conference/routes.ts(42,41): error TS7006: Parameter 'r' implicitly has an 'any' type.
src/features/conference/routes.ts(43,38): error TS7006: Parameter 'r' implicitly has an 'any' type.
src/features/users/routes.ts(6,10): error TS2305: Module '"@prisma/client"' has no exported member 'Role'.
src/shared/middleware/auth.ts(5,15): error TS2305: Module '"@prisma/client"' has no exported member 'Role'.
